../Core/Src/main.c:97:6:HAL_TIM_IC_CaptureCallback	16	static
../Core/Src/main.c:121:6:HAL_UART_RxCpltCallback	16	static
../Core/Src/main.c:133:5:main	192	static
../Core/Src/main.c:301:6:SystemClock_Config	88	static
../Core/Src/main.c:348:13:MX_TIM1_Init	56	static
../Core/Src/main.c:398:13:MX_TIM2_Init	56	static
../Core/Src/main.c:447:13:MX_TIM3_Init	64	static
../Core/Src/main.c:518:13:MX_TIM4_Init	56	static
../Core/Src/main.c:567:13:MX_TIM5_Init	56	static
../Core/Src/main.c:616:13:MX_TIM9_Init	56	static
../Core/Src/main.c:672:13:MX_TIM10_Init	8	static
../Core/Src/main.c:703:13:MX_TIM11_Init	8	static
../Core/Src/main.c:734:13:MX_USART1_UART_Init	8	static
../Core/Src/main.c:767:13:MX_USART6_UART_Init	8	static
../Core/Src/main.c:800:13:MX_GPIO_Init	48	static
../Core/Src/main.c:850:6:run_to_point	240	static
../Core/Src/main.c:872:6:Error_Handler	4	static,ignoring_inline_asm
