../Core/Src/main.c:87:6:HAL_TIM_IC_CaptureCallback	16	static
../Core/Src/main.c:110:6:HAL_UART_RxCpltCallback	16	static
../Core/Src/main.c:122:5:main	256	static
../Core/Src/main.c:259:6:SystemClock_Config	88	static
../Core/Src/main.c:306:13:MX_TIM1_Init	56	static
../Core/Src/main.c:356:13:MX_TIM2_Init	56	static
../Core/Src/main.c:405:13:MX_TIM3_Init	64	static
../Core/Src/main.c:476:13:MX_TIM4_Init	56	static
../Core/Src/main.c:525:13:MX_TIM5_Init	56	static
../Core/Src/main.c:574:13:MX_TIM9_Init	56	static
../Core/Src/main.c:630:13:MX_TIM10_Init	40	static
../Core/Src/main.c:676:13:MX_TIM11_Init	40	static
../Core/Src/main.c:722:13:MX_USART6_UART_Init	8	static
../Core/Src/main.c:755:13:MX_GPIO_Init	48	static
../Core/Src/main.c:812:6:Error_Handler	4	static,ignoring_inline_asm
