../Core/Src/Motor.c:13:6:agv_run_motor	8	static
../Core/Src/Motor.c:90:6:agv_stop	8	static
../Core/Src/Motor.c:95:6:agv_stop_all	64	static
../Core/Src/Motor.c:101:6:agv_reset_all	64	static
../Core/Src/Motor.c:107:6:agv_encoder_start	8	static
../Core/Src/Motor.c:114:8:agv_kinematic_Sy	40	static
../Core/Src/Motor.c:118:8:agv_kinematic_Sx	40	static
../Core/Src/Motor.c:122:8:agv_kinematic_St	32	static
../Core/Src/Motor.c:126:6:agv_forward_kinematic	16	static
../Core/Src/Motor.c:132:6:agv_inverse_kinematic	112	static
../Core/Src/Motor.c:141:8:agv_calculate_encoder	24	static
../Core/Src/Motor.c:146:6:agv_calculate_distance	16	static
../Core/Src/Motor.c:152:6:agv_calculate_rotational_matrix	16	static
../Core/Src/Motor.c:158:6:agv_speed_to_pwm	72	static
