../Core/Src/Motor.c:10:6:agv_run_motor	8	static
../Core/Src/Motor.c:83:6:agv_play_rotate	64	static
../Core/Src/Motor.c:90:6:agv_play_y	64	static
../Core/Src/Motor.c:97:6:agv_play_x	64	static
../Core/Src/Motor.c:104:6:agv_play_cross_A	64	static
../Core/Src/Motor.c:113:6:agv_play_cross_B	64	static
../Core/Src/Motor.c:128:6:agv_stop	8	static
../Core/Src/Motor.c:133:6:agv_stop_all	64	static
../Core/Src/Motor.c:140:6:agv_encoder_start	8	static
../Core/Src/Motor.c:146:6:agv_move_rotate	240	static
../Core/Src/Motor.c:167:6:agv_move_y	240	static
../Core/Src/Motor.c:188:6:agv_move_x	240	static
../Core/Src/Motor.c:209:6:agv_move_cross_A	240	static
../Core/Src/Motor.c:230:6:agv_move_cross_B	240	static
